AR nanoprocesseur structural C:/Users/luc.wunderli/Dropbox/HE-ARC/SystemesNumeriquesEtElectronique/Electronique_INF/NanoControleur/nanoProcesseur.vhd sub00/vhpl19 1418905263
EN data_multiplexer NULL C:/Users/luc.wunderli/Dropbox/HE-ARC/SystemesNumeriquesEtElectronique/Electronique_INF/NanoControleur/Data_Multiplexer.vhd sub00/vhpl22 1418905266
AR address_decode behavioral C:/Users/luc.wunderli/Dropbox/HE-ARC/SystemesNumeriquesEtElectronique/Electronique_INF/NanoControleur/Address_Decode.vhd sub00/vhpl29 1418905273
AR sequenceur behavioral C:/Users/luc.wunderli/Dropbox/HE-ARC/SystemesNumeriquesEtElectronique/Electronique_INF/NanoControleur/Sequenceur.vhd sub00/vhpl03 1418905247
EN rom NULL C:/Users/luc.wunderli/Dropbox/HE-ARC/SystemesNumeriquesEtElectronique/Electronique_INF/NanoControleur/ROM.vhd sub00/vhpl20 1418905264
AR rom behavioral C:/Users/luc.wunderli/Dropbox/HE-ARC/SystemesNumeriquesEtElectronique/Electronique_INF/NanoControleur/ROM.vhd sub00/vhpl21 1418905265
AR operandes_register behavioral C:/Users/luc.wunderli/Dropbox/HE-ARC/SystemesNumeriquesEtElectronique/Electronique_INF/NanoControleur/Operandes_Register.vhd sub00/vhpl17 1418905261
AR output_register behavioral C:/Users/luc.wunderli/Dropbox/HE-ARC/SystemesNumeriquesEtElectronique/Electronique_INF/NanoControleur/Output_Register.vhd sub00/vhpl27 1418905271
EN status_register NULL C:/Users/luc.wunderli/Dropbox/HE-ARC/SystemesNumeriquesEtElectronique/Electronique_INF/NanoControleur/Status_Register.vhd sub00/vhpl12 1418905256
EN program_counter NULL C:/Users/luc.wunderli/Dropbox/HE-ARC/SystemesNumeriquesEtElectronique/Electronique_INF/NanoControleur/Program_Counter.vhd sub00/vhpl04 1418905248
AR instruction_register behavioral C:/Users/luc.wunderli/Dropbox/HE-ARC/SystemesNumeriquesEtElectronique/Electronique_INF/NanoControleur/Instruction_Register.vhd sub00/vhpl07 1418905251
EN instruction_register NULL C:/Users/luc.wunderli/Dropbox/HE-ARC/SystemesNumeriquesEtElectronique/Electronique_INF/NanoControleur/Instruction_Register.vhd sub00/vhpl06 1418905250
AR data_multiplexer behavioral C:/Users/luc.wunderli/Dropbox/HE-ARC/SystemesNumeriquesEtElectronique/Electronique_INF/NanoControleur/Data_Multiplexer.vhd sub00/vhpl23 1418905267
PB nanoprocesseur_package nanoprocesseur_package C:/Users/luc.wunderli/Dropbox/HE-ARC/SystemesNumeriquesEtElectronique/Electronique_INF/NanoControleur/nanoProcesseur_package.vhd sub00/vhpl01 1418905245
EN nanocontroleur NULL C:/Users/luc.wunderli/Dropbox/HE-ARC/SystemesNumeriquesEtElectronique/Electronique_INF/NanoControleur/nanoControleur.vhd sub00/vhpl30 1418905274
AR ram behavioral C:/Users/luc.wunderli/Dropbox/HE-ARC/SystemesNumeriquesEtElectronique/Electronique_INF/NanoControleur/RAM.vhd sub00/vhpl25 1418905269
EN nanoprocesseur NULL C:/Users/luc.wunderli/Dropbox/HE-ARC/SystemesNumeriquesEtElectronique/Electronique_INF/NanoControleur/nanoProcesseur.vhd sub00/vhpl18 1418905262
EN sequenceur NULL C:/Users/luc.wunderli/Dropbox/HE-ARC/SystemesNumeriquesEtElectronique/Electronique_INF/NanoControleur/Sequenceur.vhd sub00/vhpl02 1418905246
AR status_register behavioral C:/Users/luc.wunderli/Dropbox/HE-ARC/SystemesNumeriquesEtElectronique/Electronique_INF/NanoControleur/Status_Register.vhd sub00/vhpl13 1418905257
EN w_register NULL C:/Users/luc.wunderli/Dropbox/HE-ARC/SystemesNumeriquesEtElectronique/Electronique_INF/NanoControleur/W_Register.vhd sub00/vhpl14 1418905258
EN operandes_multiplexer NULL C:/Users/luc.wunderli/Dropbox/HE-ARC/SystemesNumeriquesEtElectronique/Electronique_INF/NanoControleur/Operandes_Multiplexer.vhd sub00/vhpl08 1418905252
AR nanocontroleur structural C:/Users/luc.wunderli/Dropbox/HE-ARC/SystemesNumeriquesEtElectronique/Electronique_INF/NanoControleur/nanoControleur.vhd sub00/vhpl31 1418905275
EN operandes_register NULL C:/Users/luc.wunderli/Dropbox/HE-ARC/SystemesNumeriquesEtElectronique/Electronique_INF/NanoControleur/Operandes_Register.vhd sub00/vhpl16 1418905260
PH nanoprocesseur_package NULL C:/Users/luc.wunderli/Dropbox/HE-ARC/SystemesNumeriquesEtElectronique/Electronique_INF/NanoControleur/nanoProcesseur_package.vhd sub00/vhpl00 1418905244
AR alu behavioral C:/Users/luc.wunderli/Dropbox/HE-ARC/SystemesNumeriquesEtElectronique/Electronique_INF/NanoControleur/ALU.vhd sub00/vhpl11 1418905255
AR program_counter behavioral C:/Users/luc.wunderli/Dropbox/HE-ARC/SystemesNumeriquesEtElectronique/Electronique_INF/NanoControleur/Program_Counter.vhd sub00/vhpl05 1418905249
EN ram NULL C:/Users/luc.wunderli/Dropbox/HE-ARC/SystemesNumeriquesEtElectronique/Electronique_INF/NanoControleur/RAM.vhd sub00/vhpl24 1418905268
EN address_decode NULL C:/Users/luc.wunderli/Dropbox/HE-ARC/SystemesNumeriquesEtElectronique/Electronique_INF/NanoControleur/Address_Decode.vhd sub00/vhpl28 1418905272
AR w_register behavioral C:/Users/luc.wunderli/Dropbox/HE-ARC/SystemesNumeriquesEtElectronique/Electronique_INF/NanoControleur/W_Register.vhd sub00/vhpl15 1418905259
EN alu NULL C:/Users/luc.wunderli/Dropbox/HE-ARC/SystemesNumeriquesEtElectronique/Electronique_INF/NanoControleur/ALU.vhd sub00/vhpl10 1418905254
AR operandes_multiplexer behavioral C:/Users/luc.wunderli/Dropbox/HE-ARC/SystemesNumeriquesEtElectronique/Electronique_INF/NanoControleur/Operandes_Multiplexer.vhd sub00/vhpl09 1418905253
EN output_register NULL C:/Users/luc.wunderli/Dropbox/HE-ARC/SystemesNumeriquesEtElectronique/Electronique_INF/NanoControleur/Output_Register.vhd sub00/vhpl26 1418905270
