V3 62
FL C:/Users/luc.wunderli/Dropbox/HE-ARC/SystemesNumeriquesEtElectronique/Electronique_INF/NanoControleur/Address_Decode.vhd 2014/12/02.10:53:15 P.68d
EN work/Address_Decode 1418905272 \
      FL C:/Users/luc.wunderli/Dropbox/HE-ARC/SystemesNumeriquesEtElectronique/Electronique_INF/NanoControleur/Address_Decode.vhd \
      PB ieee/std_logic_arith 1370735608 PB ieee/std_logic_1164 1370735607 \
      PB work/nanoProcesseur_package 1418905245
AR work/Address_Decode/behavioral 1418905273 \
      FL C:/Users/luc.wunderli/Dropbox/HE-ARC/SystemesNumeriquesEtElectronique/Electronique_INF/NanoControleur/Address_Decode.vhd \
      EN work/Address_Decode 1418905272
FL C:/Users/luc.wunderli/Dropbox/HE-ARC/SystemesNumeriquesEtElectronique/Electronique_INF/NanoControleur/ALU.vhd 2014/12/02.10:53:15 P.68d
EN work/ALU 1418905254 \
      FL C:/Users/luc.wunderli/Dropbox/HE-ARC/SystemesNumeriquesEtElectronique/Electronique_INF/NanoControleur/ALU.vhd \
      PB ieee/std_logic_arith 1370735608 PB ieee/std_logic_1164 1370735607 \
      PB work/nanoProcesseur_package 1418905245
AR work/ALU/Behavioral 1418905255 \
      FL C:/Users/luc.wunderli/Dropbox/HE-ARC/SystemesNumeriquesEtElectronique/Electronique_INF/NanoControleur/ALU.vhd \
      EN work/ALU 1418905254
FL C:/Users/luc.wunderli/Dropbox/HE-ARC/SystemesNumeriquesEtElectronique/Electronique_INF/NanoControleur/Data_Multiplexer.vhd 2014/12/02.10:53:15 P.68d
EN work/Data_Multiplexer 1418905266 \
      FL C:/Users/luc.wunderli/Dropbox/HE-ARC/SystemesNumeriquesEtElectronique/Electronique_INF/NanoControleur/Data_Multiplexer.vhd \
      PB ieee/std_logic_arith 1370735608 PB ieee/std_logic_1164 1370735607 \
      PB work/nanoProcesseur_package 1418905245
AR work/Data_Multiplexer/Behavioral 1418905267 \
      FL C:/Users/luc.wunderli/Dropbox/HE-ARC/SystemesNumeriquesEtElectronique/Electronique_INF/NanoControleur/Data_Multiplexer.vhd \
      EN work/Data_Multiplexer 1418905266
FL C:/Users/luc.wunderli/Dropbox/HE-ARC/SystemesNumeriquesEtElectronique/Electronique_INF/NanoControleur/Instruction_Register.vhd 2014/12/02.10:53:16 P.68d
EN work/Instruction_Register 1418905250 \
      FL C:/Users/luc.wunderli/Dropbox/HE-ARC/SystemesNumeriquesEtElectronique/Electronique_INF/NanoControleur/Instruction_Register.vhd \
      PB ieee/std_logic_arith 1370735608 PB ieee/std_logic_1164 1370735607 \
      PB work/nanoProcesseur_package 1418905245
AR work/Instruction_Register/Behavioral 1418905251 \
      FL C:/Users/luc.wunderli/Dropbox/HE-ARC/SystemesNumeriquesEtElectronique/Electronique_INF/NanoControleur/Instruction_Register.vhd \
      EN work/Instruction_Register 1418905250
FL C:/Users/luc.wunderli/Dropbox/HE-ARC/SystemesNumeriquesEtElectronique/Electronique_INF/NanoControleur/nanoControleur.vhd 2014/12/02.10:53:16 P.68d
EN work/nanoControleur 1418905274 \
      FL C:/Users/luc.wunderli/Dropbox/HE-ARC/SystemesNumeriquesEtElectronique/Electronique_INF/NanoControleur/nanoControleur.vhd \
      PB ieee/std_logic_arith 1370735608 PB ieee/std_logic_1164 1370735607 \
      PB work/nanoProcesseur_package 1418905245
AR work/nanoControleur/Structural 1418905275 \
      FL C:/Users/luc.wunderli/Dropbox/HE-ARC/SystemesNumeriquesEtElectronique/Electronique_INF/NanoControleur/nanoControleur.vhd \
      EN work/nanoControleur 1418905274 CP nanoProcesseur CP ROM \
      CP Data_Multiplexer CP RAM CP Output_Register CP Address_Decode
FL C:/Users/luc.wunderli/Dropbox/HE-ARC/SystemesNumeriquesEtElectronique/Electronique_INF/NanoControleur/nanoProcesseur.vhd 2014/12/02.10:53:16 P.68d
EN work/nanoProcesseur 1418905262 \
      FL C:/Users/luc.wunderli/Dropbox/HE-ARC/SystemesNumeriquesEtElectronique/Electronique_INF/NanoControleur/nanoProcesseur.vhd \
      PB ieee/std_logic_arith 1370735608 PB ieee/std_logic_1164 1370735607 \
      PB work/nanoProcesseur_package 1418905245
AR work/nanoProcesseur/Structural 1418905263 \
      FL C:/Users/luc.wunderli/Dropbox/HE-ARC/SystemesNumeriquesEtElectronique/Electronique_INF/NanoControleur/nanoProcesseur.vhd \
      EN work/nanoProcesseur 1418905262 CP Sequenceur CP Program_Counter \
      CP Instruction_Register CP Operandes_Multiplexer CP ALU CP Status_Register \
      CP W_Register CP Operandes_Register
FL C:/Users/luc.wunderli/Dropbox/HE-ARC/SystemesNumeriquesEtElectronique/Electronique_INF/NanoControleur/nanoProcesseur_package.vhd 2014/12/02.10:53:16 P.68d
PH work/nanoProcesseur_package 1418905244 \
      FL C:/Users/luc.wunderli/Dropbox/HE-ARC/SystemesNumeriquesEtElectronique/Electronique_INF/NanoControleur/nanoProcesseur_package.vhd \
      PB ieee/std_logic_arith 1370735608 PB ieee/std_logic_1164 1370735607
PB work/nanoProcesseur_package 1418905245 \
      FL C:/Users/luc.wunderli/Dropbox/HE-ARC/SystemesNumeriquesEtElectronique/Electronique_INF/NanoControleur/nanoProcesseur_package.vhd \
      PH work/nanoProcesseur_package 1418905244
FL C:/Users/luc.wunderli/Dropbox/HE-ARC/SystemesNumeriquesEtElectronique/Electronique_INF/NanoControleur/Operandes_Multiplexer.vhd 2014/12/02.10:53:16 P.68d
EN work/Operandes_Multiplexer 1418905252 \
      FL C:/Users/luc.wunderli/Dropbox/HE-ARC/SystemesNumeriquesEtElectronique/Electronique_INF/NanoControleur/Operandes_Multiplexer.vhd \
      PB ieee/std_logic_arith 1370735608 PB ieee/std_logic_1164 1370735607 \
      PB work/nanoProcesseur_package 1418905245
AR work/Operandes_Multiplexer/Behavioral 1418905253 \
      FL C:/Users/luc.wunderli/Dropbox/HE-ARC/SystemesNumeriquesEtElectronique/Electronique_INF/NanoControleur/Operandes_Multiplexer.vhd \
      EN work/Operandes_Multiplexer 1418905252
FL C:/Users/luc.wunderli/Dropbox/HE-ARC/SystemesNumeriquesEtElectronique/Electronique_INF/NanoControleur/Operandes_Register.vhd 2014/12/02.10:53:16 P.68d
EN work/Operandes_Register 1418905260 \
      FL C:/Users/luc.wunderli/Dropbox/HE-ARC/SystemesNumeriquesEtElectronique/Electronique_INF/NanoControleur/Operandes_Register.vhd \
      PB ieee/std_logic_arith 1370735608 PB ieee/std_logic_1164 1370735607 \
      PB work/nanoProcesseur_package 1418905245
AR work/Operandes_Register/behavioral 1418905261 \
      FL C:/Users/luc.wunderli/Dropbox/HE-ARC/SystemesNumeriquesEtElectronique/Electronique_INF/NanoControleur/Operandes_Register.vhd \
      EN work/Operandes_Register 1418905260
FL C:/Users/luc.wunderli/Dropbox/HE-ARC/SystemesNumeriquesEtElectronique/Electronique_INF/NanoControleur/Output_Register.vhd 2014/12/02.10:53:16 P.68d
EN work/Output_Register 1418905270 \
      FL C:/Users/luc.wunderli/Dropbox/HE-ARC/SystemesNumeriquesEtElectronique/Electronique_INF/NanoControleur/Output_Register.vhd \
      PB ieee/std_logic_arith 1370735608 PB ieee/std_logic_1164 1370735607 \
      PB work/nanoProcesseur_package 1418905245
AR work/Output_Register/Behavioral 1418905271 \
      FL C:/Users/luc.wunderli/Dropbox/HE-ARC/SystemesNumeriquesEtElectronique/Electronique_INF/NanoControleur/Output_Register.vhd \
      EN work/Output_Register 1418905270
FL C:/Users/luc.wunderli/Dropbox/HE-ARC/SystemesNumeriquesEtElectronique/Electronique_INF/NanoControleur/Program_Counter.vhd 2014/12/02.10:53:16 P.68d
EN work/Program_Counter 1418905248 \
      FL C:/Users/luc.wunderli/Dropbox/HE-ARC/SystemesNumeriquesEtElectronique/Electronique_INF/NanoControleur/Program_Counter.vhd \
      PB ieee/std_logic_arith 1370735608 PB ieee/std_logic_1164 1370735607 \
      PB work/nanoProcesseur_package 1418905245
AR work/Program_Counter/Behavioral 1418905249 \
      FL C:/Users/luc.wunderli/Dropbox/HE-ARC/SystemesNumeriquesEtElectronique/Electronique_INF/NanoControleur/Program_Counter.vhd \
      EN work/Program_Counter 1418905248
FL C:/Users/luc.wunderli/Dropbox/HE-ARC/SystemesNumeriquesEtElectronique/Electronique_INF/NanoControleur/RAM.vhd 2014/12/02.10:53:16 P.68d
EN work/RAM 1418905268 \
      FL C:/Users/luc.wunderli/Dropbox/HE-ARC/SystemesNumeriquesEtElectronique/Electronique_INF/NanoControleur/RAM.vhd \
      PB ieee/std_logic_arith 1370735608 PB ieee/std_logic_1164 1370735607 \
      PB work/nanoProcesseur_package 1418905245
AR work/RAM/Behavioral 1418905269 \
      FL C:/Users/luc.wunderli/Dropbox/HE-ARC/SystemesNumeriquesEtElectronique/Electronique_INF/NanoControleur/RAM.vhd \
      EN work/RAM 1418905268
FL C:/Users/luc.wunderli/Dropbox/HE-ARC/SystemesNumeriquesEtElectronique/Electronique_INF/NanoControleur/ROM.vhd 2014/12/02.12:56:47 P.68d
EN work/ROM 1418905264 \
      FL C:/Users/luc.wunderli/Dropbox/HE-ARC/SystemesNumeriquesEtElectronique/Electronique_INF/NanoControleur/ROM.vhd \
      PB ieee/std_logic_1164 1370735607 PB ieee/std_logic_arith 1370735608 \
      PB work/nanoProcesseur_package 1418905245
AR work/ROM/Behavioral 1418905265 \
      FL C:/Users/luc.wunderli/Dropbox/HE-ARC/SystemesNumeriquesEtElectronique/Electronique_INF/NanoControleur/ROM.vhd \
      EN work/ROM 1418905264
FL C:/Users/luc.wunderli/Dropbox/HE-ARC/SystemesNumeriquesEtElectronique/Electronique_INF/NanoControleur/Sequenceur.vhd 2014/12/02.10:53:16 P.68d
EN work/Sequenceur 1418905246 \
      FL C:/Users/luc.wunderli/Dropbox/HE-ARC/SystemesNumeriquesEtElectronique/Electronique_INF/NanoControleur/Sequenceur.vhd \
      PB ieee/std_logic_arith 1370735608 PB ieee/std_logic_1164 1370735607 \
      PB work/nanoProcesseur_package 1418905245
AR work/Sequenceur/Behavioral 1418905247 \
      FL C:/Users/luc.wunderli/Dropbox/HE-ARC/SystemesNumeriquesEtElectronique/Electronique_INF/NanoControleur/Sequenceur.vhd \
      EN work/Sequenceur 1418905246
FL C:/Users/luc.wunderli/Dropbox/HE-ARC/SystemesNumeriquesEtElectronique/Electronique_INF/NanoControleur/Status_Register.vhd 2014/12/02.10:53:16 P.68d
EN work/Status_Register 1418905256 \
      FL C:/Users/luc.wunderli/Dropbox/HE-ARC/SystemesNumeriquesEtElectronique/Electronique_INF/NanoControleur/Status_Register.vhd \
      PB ieee/std_logic_arith 1370735608 PB ieee/std_logic_1164 1370735607 \
      PB work/nanoProcesseur_package 1418905245
AR work/Status_Register/Behavioral 1418905257 \
      FL C:/Users/luc.wunderli/Dropbox/HE-ARC/SystemesNumeriquesEtElectronique/Electronique_INF/NanoControleur/Status_Register.vhd \
      EN work/Status_Register 1418905256
FL C:/Users/luc.wunderli/Dropbox/HE-ARC/SystemesNumeriquesEtElectronique/Electronique_INF/NanoControleur/W_Register.vhd 2014/12/02.10:53:16 P.68d
EN work/W_Register 1418905258 \
      FL C:/Users/luc.wunderli/Dropbox/HE-ARC/SystemesNumeriquesEtElectronique/Electronique_INF/NanoControleur/W_Register.vhd \
      PB ieee/std_logic_arith 1370735608 PB ieee/std_logic_1164 1370735607 \
      PB work/nanoProcesseur_package 1418905245
AR work/W_Register/Behavioral 1418905259 \
      FL C:/Users/luc.wunderli/Dropbox/HE-ARC/SystemesNumeriquesEtElectronique/Electronique_INF/NanoControleur/W_Register.vhd \
      EN work/W_Register 1418905258
